// Jest Snapshot v1, https://goo.gl/fbAQLP

exports[`CanvasForeground renders correctly 1`] = `null`;
